// Jest Snapshot v1, https://goo.gl/fbAQLP

exports[`Carousel Renders 1`] = `<Fragment />`;
